// Jest Snapshot v1, https://goo.gl/fbAQLP

exports[`Footer Should match rendered snapshot 1`] = `undefined`;
